// Vitest Snapshot v1, https://vitest.dev/guide/snapshot.html

exports[`toOpenAIResponsesTool (Responses API) > matches a stable snapshot 1`] = `
{
  "description": "d",
  "name": "classify_activity",
  "parameters": {
    "properties": {
      "qualifies": {
        "type": "boolean",
      },
    },
    "required": [
      "qualifies",
    ],
    "type": "object",
  },
  "type": "function",
}
`;
